{"logTime": "0513/010724", "correlationVector":"DtTqN3wgRVCRawHYDVRn66.1","action":"SyncServerConnectionManagerRequest", "result":"SYNC_SERVER_OK", "context":{"environment":"Prod_southeastasia_prod-s01-064-apac-southeastasia", "migrationStage":"NotStarted", "server":"akswtt000000000"}}
{"logTime": "0513/010724", "correlationVector":"DtTqN3wgRVCRawHYDVRn66.2","action":"ProcessGetUpdates", "result":"Done", "context":{"dataType":"Encryption Keys", "deleted":"0", "process_failed_to_decrypt":"0", "process_pending_decryption":"0", "process_success":"1", "total":"1"}}
{"logTime": "0513/010725", "correlationVector":"owyyeBsqjgBYzsv1WyBxqp","action":"SyncServerConnectionManagerRequest", "result":"SYNC_SERVER_OK", "context":{"environment":"", "migrationStage":"", "server":""}}
{"logTime": "0513/010725", "correlationVector":"owyyeBsqjgBYzsv1WyBxqp.0","action":"EncryptionKeysFetcher.DownloadKeys:", "result":"Success", "context":Key count: 4, Last key timestamp: 2026-05-06T06:57:29Z}
{"logTime": "0513/010725", "correlationVector":"owyyeBsqjgBYzsv1WyBxqp.1","action":"EncryptionKeysManager::SetEncryptionKeys:", "result":"Success", "context":Key names[4]:[pA4jpALd16EWtoVtd+SjINuBZt/JBxCDjPAE9cYeoUEfwXtLpfw+qbu8i5AbqOnD9tVbMxvqgLP2CIdexd2Mug==][nGYO9sxsGicS1xgidi0Jd03u0H5kYOjnhRX3KubGPO3FV0z4b1psvwP3+HCkGv4wQEvPwGAmxcBN4i8i0Ngb4A==][WNnfs8ccoIj0jdlTRiM/OO0rJSib8YRnyX8wSw/+7pwvl4sOoCdAwxufAmHR2Ga5C75jAumcRJsYd47xOgy8Kw==][x55LQUm4FvlTEWJ+wnj/kE+6RRIQP9bkumw99Fz+JRPR4O1kEPRgNUrklh8ewnfQtISkvJIXzDjcfThW7A7ZYw==]}
{"logTime": "0513/010725", "correlationVector":"owyyeBsqjgBYzsv1WyBxqp.2","action":"EncryptionKeysManager::SetEncryptionKeysWithTimestamps:", "result":"Success", "context":Key timestamps[4]:[2024-10-02T06:24:54Z][2025-05-07T00:38:20Z][2025-11-07T06:11:32Z][2026-05-06T06:57:29Z]}
{"logTime": "0513/010725", "correlationVector":"DtTqN3wgRVCRawHYDVRn66","action":"Initial GetUpdates", "result":"", "context":Reason: NEW_CLIENT. cV=DtTqN3wgRVCRawHYDVRn66}
{"logTime": "0513/010725", "correlationVector":"DtTqN3wgRVCRawHYDVRn66.3","action":"GetUpdates Response", "result":"Success", "context":Received 1 update(s). cV=DtTqN3wgRVCRawHYDVRn66.0;server=akswtt000000000;cloudType=Consumer;environment=Prod_southeastasia_prod-s01-064-apac-southeastasia;migrationStage=NotStarted}
{"logTime": "0513/010725", "correlationVector":"4+aP9CTKYTVlI1JHLF1UcA","action":"Initial GetUpdates", "result":"", "context":Reason: NEWLY_SUPPORTED_DATATYPE. cV=4+aP9CTKYTVlI1JHLF1UcA}
{"logTime": "0513/010727", "correlationVector":"4+aP9CTKYTVlI1JHLF1UcA.1","action":"SyncServerConnectionManagerRequest", "result":"SYNC_SERVER_OK", "context":{"environment":"Prod_southeastasia_prod-s01-064-apac-southeastasia", "migrationStage":"NotStarted", "server":"akswtt000000008"}}
{"logTime": "0513/010727", "correlationVector":"4+aP9CTKYTVlI1JHLF1UcA.2","action":"ProcessGetUpdates", "result":"Done", "context":{"dataType":"Preferences", "deleted":"0", "process_failed_to_decrypt":"0", "process_pending_decryption":"0", "process_success":"49", "total":"49"}}
{"logTime": "0513/010727", "correlationVector":"4+aP9CTKYTVlI1JHLF1UcA.3","action":"ProcessGetUpdates", "result":"Done", "context":{"dataType":"Passwords", "deleted":"0", "process_failed_to_decrypt":"0", "process_pending_decryption":"0", "process_success":"14", "total":"14"}}
{"logTime": "0513/010727", "correlationVector":"4+aP9CTKYTVlI1JHLF1UcA.4","action":"ProcessGetUpdates", "result":"Done", "context":{"dataType":"Device Info", "deleted":"0", "process_failed_to_decrypt":"0", "process_pending_decryption":"0", "process_success":"19", "total":"19"}}
{"logTime": "0513/010727", "correlationVector":"4+aP9CTKYTVlI1JHLF1UcA.5","action":"GetUpdates Response", "result":"Success", "context":Received 82 update(s). cV=4+aP9CTKYTVlI1JHLF1UcA.0;server=akswtt000000008;cloudType=Consumer;environment=Prod_southeastasia_prod-s01-064-apac-southeastasia;migrationStage=NotStarted}
{"logTime": "0513/010727", "correlationVector":"3b5A8NhsajhbqCQv/1RZ13","action":"Initial GetUpdates", "result":"", "context":Reason: NEWLY_SUPPORTED_DATATYPE. cV=3b5A8NhsajhbqCQv/1RZ13}
{"logTime": "0513/010730", "correlationVector":"3b5A8NhsajhbqCQv/1RZ13.1","action":"SyncServerConnectionManagerRequest", "result":"SYNC_SERVER_OK", "context":{"environment":"Prod_southeastasia_prod-s01-064-apac-southeastasia", "migrationStage":"NotStarted", "server":"akswtt000000019"}}
{"logTime": "0513/010730", "correlationVector":"3b5A8NhsajhbqCQv/1RZ13.2","action":"ProcessGetUpdates", "result":"Done", "context":{"dataType":"Bookmarks", "deleted":"0", "process_failed_to_decrypt":"0", "process_pending_decryption":"0", "process_success":"7", "total":"7"}}
{"logTime": "0513/010730", "correlationVector":"3b5A8NhsajhbqCQv/1RZ13.3","action":"GetUpdates Response", "result":"Success", "context":Received 7 update(s). cV=3b5A8NhsajhbqCQv/1RZ13.0;server=akswtt000000019;cloudType=Consumer;environment=Prod_southeastasia_prod-s01-064-apac-southeastasia;migrationStage=NotStarted}
{"logTime": "0513/010730", "correlationVector":"JrutDJaFE1RjGTJxvxdv/Z","action":"Initial GetUpdates", "result":"", "context":Reason: NEWLY_SUPPORTED_DATATYPE. cV=JrutDJaFE1RjGTJxvxdv/Z}
{"logTime": "0513/010733", "correlationVector":"JrutDJaFE1RjGTJxvxdv/Z.1","action":"SyncServerConnectionManagerRequest", "result":"SYNC_SERVER_OK", "context":{"environment":"Prod_southeastasia_prod-s01-064-apac-southeastasia", "migrationStage":"NotStarted", "server":"akswtt000000000"}}
{"logTime": "0513/010733", "correlationVector":"JrutDJaFE1RjGTJxvxdv/Z.2","action":"ProcessGetUpdates", "result":"Done", "context":{"dataType":"Autofill", "deleted":"0", "process_failed_to_decrypt":"0", "process_pending_decryption":"0", "process_success":"84", "total":"84"}}
{"logTime": "0513/010733", "correlationVector":"JrutDJaFE1RjGTJxvxdv/Z.3","action":"ProcessGetUpdates", "result":"Done", "context":{"dataType":"Sessions", "deleted":"149", "process_failed_to_decrypt":"0", "process_pending_decryption":"0", "process_success":"158", "total":"158"}}
{"logTime": "0513/010733", "correlationVector":"JrutDJaFE1RjGTJxvxdv/Z.4","action":"ProcessGetUpdates", "result":"Done", "context":{"dataType":"Edge Hub App Usage", "deleted":"0", "process_failed_to_decrypt":"0", "process_pending_decryption":"0", "process_success":"8", "total":"8"}}
{"logTime": "0513/010733", "correlationVector":"JrutDJaFE1RjGTJxvxdv/Z.5","action":"GetUpdates Response", "result":"Success", "context":Received 250 update(s). cV=JrutDJaFE1RjGTJxvxdv/Z.0;server=akswtt000000000;cloudType=Consumer;environment=Prod_southeastasia_prod-s01-064-apac-southeastasia;migrationStage=NotStarted Some updates remain.}
{"logTime": "0513/010733", "correlationVector":"pPXTb0C4AsNJWrWR1K23EY","action":"Initial GetUpdates", "result":"", "context":Reason: NEWLY_SUPPORTED_DATATYPE. cV=pPXTb0C4AsNJWrWR1K23EY}
{"logTime": "0513/010736", "correlationVector":"pPXTb0C4AsNJWrWR1K23EY.1","action":"SyncServerConnectionManagerRequest", "result":"SYNC_SERVER_OK", "context":{"environment":"Prod_southeastasia_prod-s01-064-apac-southeastasia", "migrationStage":"NotStarted", "server":"akswtt00000000d"}}
{"logTime": "0513/010736", "correlationVector":"pPXTb0C4AsNJWrWR1K23EY.2","action":"ProcessGetUpdates", "result":"Done", "context":{"dataType":"Autofill", "deleted":"0", "process_failed_to_decrypt":"0", "process_pending_decryption":"0", "process_success":"15", "total":"15"}}
{"logTime": "0513/010736", "correlationVector":"pPXTb0C4AsNJWrWR1K23EY.3","action":"ProcessGetUpdates", "result":"Done", "context":{"dataType":"Sessions", "deleted":"39", "process_failed_to_decrypt":"0", "process_pending_decryption":"0", "process_success":"48", "total":"48"}}
{"logTime": "0513/010736", "correlationVector":"pPXTb0C4AsNJWrWR1K23EY.4","action":"GetUpdates Response", "result":"Success", "context":Received 63 update(s). cV=pPXTb0C4AsNJWrWR1K23EY.0;server=akswtt00000000d;cloudType=Consumer;environment=Prod_southeastasia_prod-s01-064-apac-southeastasia;migrationStage=NotStarted}
{"logTime": "0513/010736", "correlationVector":"UiCr7FRnRdxKNseT7Z/yHy","action":"Initial GetUpdates", "result":"", "context":Reason: NEWLY_SUPPORTED_DATATYPE. cV=UiCr7FRnRdxKNseT7Z/yHy}
{"logTime": "0513/010742", "correlationVector":"UiCr7FRnRdxKNseT7Z/yHy.1","action":"SyncServerConnectionManagerRequest", "result":"SYNC_SERVER_OK", "context":{"environment":"Prod_southeastasia_prod-s01-064-apac-southeastasia", "migrationStage":"NotStarted", "server":"akswtt00000001a"}}
{"logTime": "0513/010742", "correlationVector":"UiCr7FRnRdxKNseT7Z/yHy.2","action":"ProcessGetUpdates", "result":"Done", "context":{"dataType":"History", "deleted":"0", "process_failed_to_decrypt":"0", "process_pending_decryption":"0", "process_success":"250", "total":"250"}}
{"logTime": "0513/010742", "correlationVector":"UiCr7FRnRdxKNseT7Z/yHy.3","action":"GetUpdates Response", "result":"Success", "context":Received 250 update(s). cV=UiCr7FRnRdxKNseT7Z/yHy.0;server=akswtt00000001a;cloudType=Consumer;environment=Prod_southeastasia_prod-s01-064-apac-southeastasia;migrationStage=NotStarted Some updates remain.}
{"logTime": "0513/010742", "correlationVector":"yWTcuN7aSYVBAhaSt2mlXv","action":"Initial GetUpdates", "result":"", "context":Reason: NEWLY_SUPPORTED_DATATYPE. cV=yWTcuN7aSYVBAhaSt2mlXv}
{"logTime": "0513/010745", "correlationVector":"yWTcuN7aSYVBAhaSt2mlXv.1","action":"SyncServerConnectionManagerRequest", "result":"SYNC_SERVER_OK", "context":{"environment":"Prod_southeastasia_prod-s01-064-apac-southeastasia", "migrationStage":"NotStarted", "server":"akswtt00000000o"}}
{"logTime": "0513/010745", "correlationVector":"yWTcuN7aSYVBAhaSt2mlXv.2","action":"ProcessGetUpdates", "result":"Done", "context":{"dataType":"History", "deleted":"0", "process_failed_to_decrypt":"0", "process_pending_decryption":"0", "process_success":"250", "total":"250"}}
{"logTime": "0513/010745", "correlationVector":"yWTcuN7aSYVBAhaSt2mlXv.3","action":"GetUpdates Response", "result":"Success", "context":Received 250 update(s). cV=yWTcuN7aSYVBAhaSt2mlXv.0;server=akswtt00000000o;cloudType=Consumer;environment=Prod_southeastasia_prod-s01-064-apac-southeastasia;migrationStage=NotStarted Some updates remain.}
{"logTime": "0513/010745", "correlationVector":"gqXvkXV2nWvoJ4YI1oyt4C","action":"Initial GetUpdates", "result":"", "context":Reason: NEWLY_SUPPORTED_DATATYPE. cV=gqXvkXV2nWvoJ4YI1oyt4C}
{"logTime": "0513/010755", "correlationVector":"gqXvkXV2nWvoJ4YI1oyt4C.1","action":"SyncServerConnectionManagerRequest", "result":"SYNC_SERVER_OK", "context":{"environment":"Prod_southeastasia_prod-s01-064-apac-southeastasia", "migrationStage":"NotStarted", "server":"akswtt000000013"}}
{"logTime": "0513/010755", "correlationVector":"gqXvkXV2nWvoJ4YI1oyt4C.2","action":"ProcessGetUpdates", "result":"Done", "context":{"dataType":"History", "deleted":"0", "process_failed_to_decrypt":"0", "process_pending_decryption":"0", "process_success":"250", "total":"250"}}
{"logTime": "0513/010755", "correlationVector":"gqXvkXV2nWvoJ4YI1oyt4C.3","action":"GetUpdates Response", "result":"Success", "context":Received 250 update(s). cV=gqXvkXV2nWvoJ4YI1oyt4C.0;server=akswtt000000013;cloudType=Consumer;environment=Prod_southeastasia_prod-s01-064-apac-southeastasia;migrationStage=NotStarted Some updates remain.}
{"logTime": "0513/010755", "correlationVector":"fDHobQactgNZPmc/iGmFIT","action":"Initial GetUpdates", "result":"", "context":Reason: NEWLY_SUPPORTED_DATATYPE. cV=fDHobQactgNZPmc/iGmFIT}
{"logTime": "0513/010803", "correlationVector":"fDHobQactgNZPmc/iGmFIT.1","action":"SyncServerConnectionManagerRequest", "result":"SYNC_SERVER_OK", "context":{"environment":"Prod_southeastasia_prod-s01-064-apac-southeastasia", "migrationStage":"NotStarted", "server":"akswtt000000003"}}
{"logTime": "0513/010803", "correlationVector":"fDHobQactgNZPmc/iGmFIT.2","action":"ProcessGetUpdates", "result":"Done", "context":{"dataType":"History", "deleted":"0", "process_failed_to_decrypt":"0", "process_pending_decryption":"0", "process_success":"250", "total":"250"}}
{"logTime": "0513/010803", "correlationVector":"fDHobQactgNZPmc/iGmFIT.3","action":"GetUpdates Response", "result":"Success", "context":Received 250 update(s). cV=fDHobQactgNZPmc/iGmFIT.0;server=akswtt000000003;cloudType=Consumer;environment=Prod_southeastasia_prod-s01-064-apac-southeastasia;migrationStage=NotStarted Some updates remain.}
{"logTime": "0513/010803", "correlationVector":"pNYKcVaRFCcPi6JQt5UAGm","action":"Initial GetUpdates", "result":"", "context":Reason: NEWLY_SUPPORTED_DATATYPE. cV=pNYKcVaRFCcPi6JQt5UAGm}
{"logTime": "0513/010809", "correlationVector":"pNYKcVaRFCcPi6JQt5UAGm.1","action":"SyncServerConnectionManagerRequest", "result":"SYNC_SERVER_OK", "context":{"environment":"Prod_southeastasia_prod-s01-064-apac-southeastasia", "migrationStage":"NotStarted", "server":"akswtt00000000d"}}
{"logTime": "0513/010809", "correlationVector":"pNYKcVaRFCcPi6JQt5UAGm.2","action":"ProcessGetUpdates", "result":"Done", "context":{"dataType":"History", "deleted":"0", "process_failed_to_decrypt":"0", "process_pending_decryption":"0", "process_success":"1", "total":"1"}}
{"logTime": "0513/010809", "correlationVector":"pNYKcVaRFCcPi6JQt5UAGm.3","action":"GetUpdates Response", "result":"Success", "context":Received 1 update(s). cV=pNYKcVaRFCcPi6JQt5UAGm.0;server=akswtt00000000d;cloudType=Consumer;environment=Prod_southeastasia_prod-s01-064-apac-southeastasia;migrationStage=NotStarted}
{"logTime": "0513/010809", "correlationVector":"t7qFwUlPODiTDQn9d7jXDu","action":"Normal GetUpdate request", "result":"", "context":cV=t7qFwUlPODiTDQn9d7jXDu
Nudged types: Sessions, Device Info, User Consents
Refresh requested types: Bookmarks, Preferences, Passwords, Autofill Profiles, Autofill, Extensions, Sessions, Extension settings, History Delete Directives, Device Info, User Consents, Send Tab To Self, Web Apps, History, Saved Tab Group, WebAuthn Credentials, Collection, Edge E Drop, Edge Hub App Usage, Edge Wallet, Edge Workspace, Encryption Keys}
{"logTime": "0513/010815", "correlationVector":"t7qFwUlPODiTDQn9d7jXDu.1","action":"SyncServerConnectionManagerRequest", "result":"SYNC_SERVER_OK", "context":{"environment":"Prod_southeastasia_prod-s01-064-apac-southeastasia", "migrationStage":"NotStarted", "server":"akswtt00000000o"}}
{"logTime": "0513/010815", "correlationVector":"t7qFwUlPODiTDQn9d7jXDu.2","action":"GetUpdates Response", "result":"Success", "context":Received 0 update(s). cV=t7qFwUlPODiTDQn9d7jXDu.0;server=akswtt00000000o;cloudType=Consumer;environment=Prod_southeastasia_prod-s01-064-apac-southeastasia;migrationStage=NotStarted}
{"logTime": "0513/010815", "correlationVector":"gHPmLxtx31fb6nEhrq/oj4","action":"DoCompareDataConsistency requsted types: ", "result":"Bookmarks, Preferences, Passwords, Extensions, Extension settings, History Delete Directives, Send Tab To Self, Web Apps, History, Saved Tab Group, WebAuthn Credentials, Collection, Edge E Drop, Edge Wallet, Edge Workspace, Encryption Keys"}
{"logTime": "0513/010815", "correlationVector":"gHPmLxtx31fb6nEhrq/oj4.0","action":"CompareDataConsistency result: ", "result":"Compare result: Encryption Keys is consistent. local entities count is: 1 local entities hash is: +42TQHpq/ungVfaubah1smDKOqY="}
{"logTime": "0513/010815", "correlationVector":"gHPmLxtx31fb6nEhrq/oj4.1","action":"CompareDataConsistency result: ", "result":"Compare result: Bookmarks is consistent. local entities count is: 1 local entities hash is: 6tTrRHRqtDO6kNccnD4LNUJ4PdM="}
{"logTime": "0513/010815", "correlationVector":"gHPmLxtx31fb6nEhrq/oj4.2","action":"CompareDataConsistency result: ", "result":"Compare result: Preferences is consistent. local entities count is: 49 local entities hash is: Tzb1IOYcOHtDM62s6aIoOVToZxg="}
{"logTime": "0513/010815", "correlationVector":"gHPmLxtx31fb6nEhrq/oj4.3","action":"CompareDataConsistency result: ", "result":"Compare result: Extensions is consistent. local entities count is: 0 local entities hash is: "}
{"logTime": "0513/010815", "correlationVector":"gHPmLxtx31fb6nEhrq/oj4.4","action":"CompareDataConsistency result: ", "result":"Compare result: Extension settings is consistent. local entities count is: 0 local entities hash is: "}
{"logTime": "0513/010815", "correlationVector":"gHPmLxtx31fb6nEhrq/oj4.5","action":"CompareDataConsistency result: ", "result":"Compare result: History Delete Directives is consistent. local entities count is: 0 local entities hash is: "}
{"logTime": "0513/010815", "correlationVector":"gHPmLxtx31fb6nEhrq/oj4.6","action":"CompareDataConsistency result: ", "result":"Server did not send this Send Tab To Self local entities count is: 0 local entities hash is: "}
{"logTime": "0513/010815", "correlationVector":"gHPmLxtx31fb6nEhrq/oj4.7","action":"CompareDataConsistency result: ", "result":"Compare result: Web Apps is consistent. local entities count is: 0 local entities hash is: "}
{"logTime": "0513/010815", "correlationVector":"gHPmLxtx31fb6nEhrq/oj4.8","action":"CompareDataConsistency result: ", "result":"Server did not send this History local entities count is: 0 local entities hash is: "}
{"logTime": "0513/010815", "correlationVector":"gHPmLxtx31fb6nEhrq/oj4.9","action":"CompareDataConsistency result: ", "result":"Compare result: Saved Tab Group is consistent. local entities count is: 0 local entities hash is: "}
{"logTime": "0513/010815", "correlationVector":"gHPmLxtx31fb6nEhrq/oj4.10","action":"CompareDataConsistency result: ", "result":"Server did not send this WebAuthn Credentials local entities count is: 0 local entities hash is: "}
{"logTime": "0513/010815", "correlationVector":"gHPmLxtx31fb6nEhrq/oj4.11","action":"CompareDataConsistency result: ", "result":"Compare result: Collection is consistent. local entities count is: 0 local entities hash is: "}
{"logTime": "0513/010815", "correlationVector":"gHPmLxtx31fb6nEhrq/oj4.12","action":"CompareDataConsistency result: ", "result":"Compare result: Edge E Drop is consistent. local entities count is: 0 local entities hash is: "}
{"logTime": "0513/010815", "correlationVector":"gHPmLxtx31fb6nEhrq/oj4.13","action":"CompareDataConsistency result: ", "result":"Compare result: Edge Wallet is consistent. local entities count is: 0 local entities hash is: "}
{"logTime": "0513/010815", "correlationVector":"gHPmLxtx31fb6nEhrq/oj4.14","action":"CompareDataConsistency result: ", "result":"Server did not send this Edge Workspace local entities count is: 0 local entities hash is: "}
{"logTime": "0513/010815", "correlationVector":"gHPmLxtx31fb6nEhrq/oj4.15","action":"CompareDataConsistency result: ", "result":"Compare result: Passwords is consistent. local entities count is: 14 local entities hash is: 4WSeoKiy5lPhCxV+82D0f4aqENg="}
{"logTime": "0513/010815", "correlationVector":"fhEL9asKTPV8Hp+uT1SfN8","action":"Commit Request", "result":"", "context":Item count: 4
Contributing types: Sessions, Device Info, User Consents}
{"logTime": "0513/010833", "correlationVector":"fhEL9asKTPV8Hp+uT1SfN8.1","action":"SyncServerConnectionManagerRequest", "result":"SYNC_SERVER_OK", "context":{"environment":"Prod_southeastasia_prod-s01-064-apac-southeastasia", "migrationStage":"NotStarted", "server":"akswtt000000019"}}
{"logTime": "0513/010833", "correlationVector":"fhEL9asKTPV8Hp+uT1SfN8.2","action":"Commit Response", "result":"Success", "context":Result: Success. cV=fhEL9asKTPV8Hp+uT1SfN8.0;server=akswtt000000019;cloudType=Consumer;environment=Prod_southeastasia_prod-s01-064-apac-southeastasia;migrationStage=NotStarted}
{"logTime": "0513/010833", "correlationVector":"","action":"DIAGNOSTIC_REQUEST|v1/diagnosticData/Diagnostic.SendCheckResult()|SUCCESS", "result":""}
{"logTime": "0513/010833", "correlationVector":"gqSogncV3K1/dH73cnFAB/","action":"Commit Request", "result":"", "context":Item count: 11
Contributing types: Passwords}
{"logTime": "0513/010841", "correlationVector":"gqSogncV3K1/dH73cnFAB/.1","action":"SyncServerConnectionManagerRequest", "result":"SYNC_SERVER_OK", "context":{"environment":"Prod_southeastasia_prod-s01-064-apac-southeastasia", "migrationStage":"NotStarted", "server":"akswtt000000002"}}
{"logTime": "0513/010841", "correlationVector":"gqSogncV3K1/dH73cnFAB/.2","action":"Commit Response", "result":"Success", "context":Result: Success. cV=gqSogncV3K1/dH73cnFAB/.0;server=akswtt000000002;cloudType=Consumer;environment=Prod_southeastasia_prod-s01-064-apac-southeastasia;migrationStage=NotStarted}
